// Vitest Snapshot v1, https://vitest.dev/guide/snapshot.html

exports[`NameGenerator yields deterministic results 1`] = `
[
  "King Alfonso",
  "Yaroslav the Wise",
  "Lothair II",
  "King Alfonso",
  "Henry Bolingbroke",
  "Nasiruddin Mahmud Shah",
  "Waterlily Jaguar",
  "Maxixca",
  "Avitus",
  "Frumentius",
]
`;
