// Vitest Snapshot v1, https://vitest.dev/guide/snapshot.html

exports[`successful join gets a draft config 1`] = `
{
  "events": [],
  "guestConnected": false,
  "guestReady": false,
  "hostConnected": true,
  "hostReady": false,
  "nameGuest": "â€¦",
  "nameHost": "Saladin",
  "nextAction": 0,
  "preset": {
    "categoryLimits": {
      "ban": {},
      "pick": {},
    },
    "encodedCivilisations": "3fffffffefff",
    "name": "Simple Preset",
    "turns": [
      {
        "action": "BAN",
        "categories": [
          "default",
        ],
        "exclusivity": "NONEXCLUSIVE",
        "executingPlayer": "HOST",
        "hidden": false,
        "id": "mocked-uuid",
        "parallel": false,
        "player": "HOST",
      },
      {
        "action": "BAN",
        "categories": [
          "default",
        ],
        "exclusivity": "NONEXCLUSIVE",
        "executingPlayer": "GUEST",
        "hidden": false,
        "id": "mocked-uuid",
        "parallel": false,
        "player": "GUEST",
      },
      {
        "action": "PICK",
        "categories": [
          "default",
        ],
        "exclusivity": "NONEXCLUSIVE",
        "executingPlayer": "GUEST",
        "hidden": false,
        "id": "mocked-uuid",
        "parallel": false,
        "player": "GUEST",
      },
      {
        "action": "PICK",
        "categories": [
          "default",
        ],
        "exclusivity": "NONEXCLUSIVE",
        "executingPlayer": "HOST",
        "hidden": false,
        "id": "mocked-uuid",
        "parallel": false,
        "player": "HOST",
      },
    ],
  },
  "startTimestamp": 0,
  "yourPlayerType": "HOST",
}
`;
